$ prisma generate && next build --webpack
Γùç injected env (22) from .env.local // tip: Γîÿ suppress logs { quiet: true }
Γùç injected env (0) from .env // tip: Γùê secrets for agents [www.dotenvx.com]
Loaded Prisma config from prisma.config.ts.

Prisma schema loaded from prisma\schema.prisma.

Γ£ö Generated Prisma Client (v7.10.0) to .\node_modules\.pnpm\@prisma+client@7.10.0_prism_cce07eb90da4be2a30a38e203f56ad16\node_modules\@prisma\client in 344ms

Start by importing your Prisma Client (See: https://pris.ly/d/importing-client)


Γû▓ Next.js 16.3.3 (webpack)
- Environments: .env.local
Γ£ô Running next.config.ts took 44ms

ΓÜá The "middleware" file convention is deprecated. Please use "proxy" instead.

  To migrate automatically, run:
  npx @next/codemod@canary middleware-to-proxy .

  Learn more: https://nextjs.org/docs/messages/middleware-to-proxy
  Creating an optimized production build ...
Γ£ô Compiled successfully in 77s
  Skipping validation of types
  Finished TypeScript config validation in 133ms ...
  Collecting page data using 5 workers ...
  Generating static pages using 5 workers (0/18) ...
  Generating static pages using 5 workers (4/18) 
  Generating static pages using 5 workers (8/18) 
  Generating static pages using 5 workers (13/18) 
Γ£ô Generating static pages using 5 workers (18/18) in 778ms
  Finalizing page optimization ...
  Collecting build traces ...
